---
source: crates/vtxjit/src/test.rs
expression: disasm
---
  pushq %rbp
  movq %rsp, %rbp
block0:
  movq <offset:0>+-0x10(%rbp), %rsi
  uninit  %r10
  xorl %r10d, %r10d
  jmp     label1
block1:
  cmpl %esi, %r10d
  jb      label3; j label2
block3:
  movzbq (%rdx), %rdi
  movb %dil, 0x80(%r8)
  movq 1(%rdx), %rdi
  movq %rdi, 0x60(%r8)
  vmovdqu (%rcx), %xmm7
  vmovdqu (%rip), %xmm0
  vpaddusb (%rip), %xmm0, %xmm6
  vpshufb %xmm6, %xmm7, %xmm0
  vpsrad $0x10, %xmm0, %xmm7
  vcvtdq2ps %xmm7, %xmm7
  vmovups (%rip), %xmm0
  vmulps %xmm0, %xmm7, %xmm7
  vmovss %xmm7, 0x68(%r8)
  vpshufd $0x1, %xmm7, %xmm0
  vmovss %xmm0, 0x6c(%r8)
  vpshufd $0x2, %xmm7, %xmm0
  vmovss %xmm0, 0x70(%r8)
  vmovdqu 6(%rcx), %xmm0
  vmovdqu (%rip), %xmm1
  vpaddusb (%rip), %xmm1, %xmm1
  vpshufb %xmm1, %xmm0, %xmm0
  vmovdqu (%rip), %xmm1
  vpmulld %xmm1, %xmm0, %xmm0
  vpsrld $0xb, %xmm0, %xmm0
  vmovdqu (%rip), %xmm1
  vpand %xmm1, %xmm0, %xmm0
  vpslld $0x10, %xmm0, %xmm3
  vpsrld $0x10, %xmm3, %xmm5
  vpsubd %xmm5, %xmm0, %xmm7
  vcvtdq2ps %xmm5, %xmm0
  vpsrld $0x1, %xmm7, %xmm1
  vcvtdq2ps %xmm1, %xmm1
  vaddps %xmm1, %xmm1, %xmm1
  vaddps %xmm0, %xmm1, %xmm0
  vmovups (%rip), %xmm1
  vmulps %xmm1, %xmm0, %xmm0
  movl $0x3f800000, %r11d
  vmovd %r11d, %xmm1
  vinsertps $0x30, %xmm1, %xmm0, %xmm0
  vmovups %xmm0, 0x40(%r8)
  leaq 8(%rcx), %rcx
  leaq 0x84(%r8), %r8
  leal 1(%r10), %r10d
  jmp     label1
block2:
  vmovdqu (%r9), %xmm3
  uninit  %xmm2
  vpxor %xmm2, %xmm2, %xmm4
  movl $0x1, %esi
  movzbq (%rdx), %rdi
  shlxq %rdi, %rsi, %r8
  vmovq %r8, %xmm5
  vpor %xmm5, %xmm4, %xmm5
  movzbq %dil, %rdx
  andq $0x1f, %rdx
  leaq 0x40(%rdx), %rdi
  shlxq %rdi, %rsi, %rsi
  vpinsrq $0x1, %rsi, %xmm4, %xmm4
  vpor %xmm4, %xmm5, %xmm4
  vpor %xmm4, %xmm3, %xmm3
  vmovdqu %xmm3, (%r9)
  movq %rbp, %rsp
  popq %rbp
  retq
