---
source: crates/ppcjit/src/test.rs
expression: clir
---
function u0:0(i64, i64, i64) tail {
    ss0 = explicit_slot 8, align = 8
    gv0 = symbol userextname22
    gv1 = symbol userextname23
    gv2 = symbol userextname24
    gv3 = symbol userextname25
    gv4 = symbol userextname26
    gv5 = symbol userextname27
    gv6 = symbol userextname28
    gv7 = symbol userextname29
    gv8 = symbol userextname30
    gv9 = symbol userextname31
    gv10 = symbol userextname32
    sig0 = (i64, i64, i64) tail
    sig1 = (i64, i64, i64, i32) -> i64 system_v
    sig2 = (i64, i32, i64) -> i8 system_v
    sig3 = (i64, i32, i64) -> i8 system_v
    sig4 = (i64, i32, i64) -> i8 system_v
    sig5 = (i64, i32, i64) -> i8 system_v
    sig6 = (i64, i32, i8) -> i8 system_v
    sig7 = (i64, i32, i16) -> i8 system_v
    sig8 = (i64, i32, i32) -> i8 system_v
    sig9 = (i64, i32, i64) -> i8 system_v
    sig10 = (i64, i32, i32, i64) -> i8 system_v
    sig11 = (i64, i32, i32, f64) -> i8 system_v
    sig12 = (i64, i32) system_v
    sig13 = (i64) system_v
    sig14 = (i64, i16) system_v
    fn0 = u1:0 sig14
    fn1 = u0:2 sig1
    fn2 = u0:3 sig2
    fn3 = u0:4 sig3
    fn4 = u0:5 sig4
    fn5 = u0:6 sig5
    fn6 = u0:7 sig6
    fn7 = u0:8 sig7
    fn8 = u0:9 sig8
    fn9 = u0:10 sig9
    fn10 = u0:11 sig10
    fn11 = u0:12 sig11
    fn12 = u0:13 sig12
    fn13 = u0:14 sig13
    fn14 = u0:15 sig13
    fn15 = u0:16 sig13
    fn16 = u0:17 sig13
    fn17 = u0:18 sig13
    fn18 = u0:19 sig13
    fn19 = u0:20 sig13
    fn20 = u0:21 sig13
    fn21 = u0:22 sig13

                                block0(v0: i64, v1: i64, v2: i64):
@0000                               v3 = load.i32 notrap v1+680
@0000                               v4 = iconst.i32 13
@0000                               v5 = ushr v3, v4  ; v4 = 13
@0000                               v6 = iconst.i32 1
@0000                               v7 = band v5, v6  ; v6 = 1
@0000                               v8 = ireduce.i8 v7
@0000                               brif v8, block2, block1

                                block1 cold:
@0000                               v9 = iconst.i16 2048
@0000                               call fn0(v1, v9)  ; v9 = 2048
@0000                               v10 = symbol_value.i64 gv0
@0000                               v11 = iconst.i64 0
@0000                               v12 = iconst.i32 0x0002_0001
@0000                               v13 = call fn1(v0, v10, v11, v12)  ; v11 = 0, v12 = 0x0002_0001
@0000                               v14 = iconst.i64 0
@0000                               v15 = icmp ne v13, v14  ; v14 = 0
@0000                               brif v15, block3, block4

                                block3:
@0001                               return_call_indirect.i64 sig0, v13(v0, v1, v2)

                                block4 cold:
@0001                               return

                                block2:
@0000                               v16 = load.i32 notrap v1+20
@0000                               v17 = iconst.i32 0
@0000                               v18 = iadd v16, v17  ; v17 = 0
@0000                               v19 = load.i32 notrap v1+872
@0000                               v20 = stack_addr.i64 ss0
@0000                               v21 = call fn10(v0, v18, v19, v20)
@0000                               brif v21, block6, block5

                                block5 cold:
@0000                               store.i32 notrap v18, v1+864
@0000                               v22 = iconst.i16 768
@0000                               call fn0(v1, v22)  ; v22 = 768
@0000                               v23 = symbol_value.i64 gv1
@0000                               v24 = iconst.i64 0
@0000                               v25 = iconst.i32 0x0002_0001
@0000                               v26 = call fn1(v0, v23, v24, v25)  ; v24 = 0, v25 = 0x0002_0001
@0000                               v27 = iconst.i64 0
@0000                               v28 = icmp ne v26, v27  ; v27 = 0
@0000                               brif v28, block7, block8

                                block7:
@0001                               return_call_indirect.i64 sig0, v26(v0, v1, v2)

                                block8 cold:
@0001                               return

                                block6:
@0000                               v29 = stack_addr.i64 ss0
@0000                               v30 = load.f64 notrap v29
@0000                               v31 = uextend.i32 v21
@0000                               v32 = iadd.i32 v18, v31
@0000                               v33 = stack_addr.i64 ss0
@0000                               v34 = call fn10(v0, v32, v19, v33)
@0000                               brif v34, block10, block9

                                block9 cold:
@0000                               store.i32 notrap v32, v1+864
@0000                               v35 = iconst.i16 768
@0000                               call fn0(v1, v35)  ; v35 = 768
@0000                               v36 = symbol_value.i64 gv2
@0000                               v37 = iconst.i64 0
@0000                               v38 = iconst.i32 0x0002_0001
@0000                               v39 = call fn1(v0, v36, v37, v38)  ; v37 = 0, v38 = 0x0002_0001
@0000                               v40 = iconst.i64 0
@0000                               v41 = icmp ne v39, v40  ; v40 = 0
@0000                               brif v41, block11, block12

                                block11:
@0001                               return_call_indirect.i64 sig0, v39(v0, v1, v2)

                                block12 cold:
@0001                               return

                                block10:
@0000                               v42 = stack_addr.i64 ss0
@0000                               v43 = load.f64 notrap v42
@0000                               v44 = uextend.i32 v34
@0000                               v45 = scalar_to_vector.f64x2 v30
@0000                               v46 = insertlane v45, v43, 1
@0000                               v47 = load.i32 notrap v1
@0000                               v48 = iconst.i32 4
@0000                               v49 = iadd v47, v48  ; v48 = 4
@0001                               v50 = load.i32 notrap v1+24
@0001                               v51 = iconst.i32 0
@0001                               v52 = iadd v50, v51  ; v51 = 0
@0001                               v53 = load.i32 notrap v1+872
@0001                               v54 = stack_addr.i64 ss0
@0001                               v55 = call fn10(v0, v52, v53, v54)
@0001                               brif v55, block14, block13

                                block13 cold:
@0001                               store.i32 notrap v52, v1+864
@0001                               v56 = iconst.i16 768
@0001                               store.i32 notrap v49, v1
@0001                               store.f64x2 notrap v46, v1+168
@0001                               call fn0(v1, v56)  ; v56 = 768
@0001                               v57 = symbol_value.i64 gv3
@0001                               v58 = iconst.i64 0
@0001                               v59 = iconst.i32 0x0004_0002
@0001                               v60 = call fn1(v0, v57, v58, v59)  ; v58 = 0, v59 = 0x0004_0002
@0001                               v61 = iconst.i64 0
@0001                               v62 = icmp ne v60, v61  ; v61 = 0
@0001                               brif v62, block15, block16

                                block15:
@0002                               return_call_indirect.i64 sig0, v60(v0, v1, v2)

                                block16 cold:
@0002                               return

                                block14:
@0001                               v63 = stack_addr.i64 ss0
@0001                               v64 = load.f64 notrap v63
@0001                               v65 = uextend.i32 v55
@0001                               v66 = iadd.i32 v52, v65
@0001                               v67 = stack_addr.i64 ss0
@0001                               v68 = call fn10(v0, v66, v53, v67)
@0001                               brif v68, block18, block17

                                block17 cold:
@0001                               store.i32 notrap v66, v1+864
@0001                               v69 = iconst.i16 768
@0001                               store.i32 notrap v49, v1
@0001                               store.f64x2 notrap v46, v1+168
@0001                               call fn0(v1, v69)  ; v69 = 768
@0001                               v70 = symbol_value.i64 gv4
@0001                               v71 = iconst.i64 0
@0001                               v72 = iconst.i32 0x0004_0002
@0001                               v73 = call fn1(v0, v70, v71, v72)  ; v71 = 0, v72 = 0x0004_0002
@0001                               v74 = iconst.i64 0
@0001                               v75 = icmp ne v73, v74  ; v74 = 0
@0001                               brif v75, block19, block20

                                block19:
@0002                               return_call_indirect.i64 sig0, v73(v0, v1, v2)

                                block20 cold:
@0002                               return

                                block18:
@0001                               v76 = stack_addr.i64 ss0
@0001                               v77 = load.f64 notrap v76
@0001                               v78 = uextend.i32 v68
@0001                               v79 = scalar_to_vector.f64x2 v64
@0001                               v80 = insertlane v79, v77, 1
@0001                               v81 = iconst.i32 4
@0001                               v82 = iadd.i32 v49, v81  ; v81 = 4
@0002                               v83 = fadd.f64x2 v46, v80
@0002                               v84 = extractlane v83, 0
@0002                               v85 = f64const 0.0
@0002                               v86 = fcmp lt v84, v85  ; v85 = 0.0
@0002                               v87 = fcmp gt v84, v85  ; v85 = 0.0
@0002                               v88 = fcmp eq v84, v85  ; v85 = 0.0
@0002                               v89 = fcmp uno v84, v85  ; v85 = 0.0
@0002                               v90 = load.i32 notrap v1+652
@0002                               v91 = uextend.i32 v86
@0002                               v92 = uextend.i32 v87
@0002                               v93 = uextend.i32 v88
@0002                               v94 = uextend.i32 v89
@0002                               v95 = iconst.i32 15
@0002                               v96 = ishl v91, v95  ; v95 = 15
@0002                               v97 = iconst.i32 14
@0002                               v98 = ishl v92, v97  ; v97 = 14
@0002                               v99 = iconst.i32 13
@0002                               v100 = ishl v93, v99  ; v99 = 13
@0002                               v101 = iconst.i32 12
@0002                               v102 = ishl v94, v101  ; v101 = 12
@0002                               v103 = bor v96, v98
@0002                               v104 = bor v103, v100
@0002                               v105 = bor v104, v102
@0002                               v106 = iconst.i32 0x0001_f000
@0002                               v107 = bnot v106  ; v106 = 0x0001_f000
@0002                               v108 = band v90, v107
@0002                               v109 = bor v108, v105
@0002                               v110 = iconst.i32 4
@0002                               v111 = iadd v82, v110  ; v110 = 4
@0003                               v112 = load.i32 notrap v1+28
@0003                               v113 = iconst.i32 0
@0003                               v114 = iadd v112, v113  ; v113 = 0
@0003                               v115 = extractlane v83, 0
@0003                               v116 = load.i32 notrap v1+872
@0003                               v117 = call fn11(v0, v114, v116, v115)
@0003                               brif v117, block22, block21

                                block21 cold:
@0003                               store.i32 notrap v114, v1+864
@0003                               v118 = iconst.i16 768
@0003                               store.i32 notrap v111, v1
@0003                               store.f64x2 notrap v46, v1+168
@0003                               store.i32 notrap v109, v1+652
@0003                               store.f64x2 notrap v83, v1+232
@0003                               store.f64x2 notrap v80, v1+200
@0003                               call fn0(v1, v118)  ; v118 = 768
@0003                               v119 = symbol_value.i64 gv5
@0003                               v120 = iconst.i64 0
@0003                               v121 = iconst.i32 0x0008_0004
@0003                               v122 = call fn1(v0, v119, v120, v121)  ; v120 = 0, v121 = 0x0008_0004
@0003                               v123 = iconst.i64 0
@0003                               v124 = icmp ne v122, v123  ; v123 = 0
@0003                               brif v124, block23, block24

                                block23:
@0004                               return_call_indirect.i64 sig0, v122(v0, v1, v2)

                                block24 cold:
@0004                               return

                                block22:
@0003                               v125 = uextend.i32 v117
@0003                               v126 = extractlane.f64x2 v83, 1
@0003                               v127 = iadd.i32 v114, v125
@0003                               v128 = call fn11(v0, v127, v116, v126)
@0003                               brif v128, block26, block25

                                block25 cold:
@0003                               store.i32 notrap v127, v1+864
@0003                               v129 = iconst.i16 768
@0003                               store.i32 notrap v111, v1
@0003                               store.f64x2 notrap v46, v1+168
@0003                               store.i32 notrap v109, v1+652
@0003                               store.f64x2 notrap v83, v1+232
@0003                               store.f64x2 notrap v80, v1+200
@0003                               call fn0(v1, v129)  ; v129 = 768
@0003                               v130 = symbol_value.i64 gv6
@0003                               v131 = iconst.i64 0
@0003                               v132 = iconst.i32 0x0008_0004
@0003                               v133 = call fn1(v0, v130, v131, v132)  ; v131 = 0, v132 = 0x0008_0004
@0003                               v134 = iconst.i64 0
@0003                               v135 = icmp ne v133, v134  ; v134 = 0
@0003                               brif v135, block27, block28

                                block27:
@0004                               return_call_indirect.i64 sig0, v133(v0, v1, v2)

                                block28 cold:
@0004                               return

                                block26:
@0003                               v136 = uextend.i32 v128
@0003                               v137 = iconst.i32 4
@0003                               v138 = iadd.i32 v111, v137  ; v137 = 4
@0004                               v139 = iconst.i32 8
@0004                               v140 = iadd.i32 v16, v139  ; v139 = 8
@0004                               v141 = load.i32 notrap v1+872
@0004                               v142 = stack_addr.i64 ss0
@0004                               v143 = call fn10(v0, v140, v141, v142)
@0004                               brif v143, block30, block29

                                block29 cold:
@0004                               store.i32 notrap v140, v1+864
@0004                               v144 = iconst.i16 768
@0004                               store.i32 notrap v138, v1
@0004                               store.f64x2 notrap v46, v1+168
@0004                               store.i32 notrap v109, v1+652
@0004                               store.f64x2 notrap v83, v1+232
@0004                               store.f64x2 notrap v80, v1+200
@0004                               call fn0(v1, v144)  ; v144 = 768
@0004                               v145 = symbol_value.i64 gv7
@0004                               v146 = iconst.i64 0
@0004                               v147 = iconst.i32 0x000a_0005
@0004                               v148 = call fn1(v0, v145, v146, v147)  ; v146 = 0, v147 = 0x000a_0005
@0004                               v149 = iconst.i64 0
@0004                               v150 = icmp ne v148, v149  ; v149 = 0
@0004                               brif v150, block31, block32

                                block31:
@0005                               return_call_indirect.i64 sig0, v148(v0, v1, v2)

                                block32 cold:
@0005                               return

                                block30:
@0004                               v151 = stack_addr.i64 ss0
@0004                               v152 = load.f64 notrap v151
@0004                               v153 = uextend.i32 v143
@0004                               v154 = f64const 0x1.0000000000000p0
@0004                               v155 = scalar_to_vector.f64x2 v152
@0004                               v156 = insertlane v155, v154, 1  ; v154 = 0x1.0000000000000p0
@0004                               v157 = iconst.i32 4
@0004                               v158 = iadd.i32 v138, v157  ; v157 = 4
@0005                               v159 = iconst.i32 8
@0005                               v160 = iadd.i32 v50, v159  ; v159 = 8
@0005                               v161 = load.i32 notrap v1+872
@0005                               v162 = stack_addr.i64 ss0
@0005                               v163 = call fn10(v0, v160, v161, v162)
@0005                               brif v163, block34, block33

                                block33 cold:
@0005                               store.i32 notrap v160, v1+864
@0005                               v164 = iconst.i16 768
@0005                               store.i32 notrap v158, v1
@0005                               store.f64x2 notrap v46, v1+168
@0005                               store.i32 notrap v109, v1+652
@0005                               store.f64x2 notrap v83, v1+232
@0005                               store.f64x2 notrap v80, v1+200
@0005                               store.f64x2 notrap v156, v1+184
@0005                               call fn0(v1, v164)  ; v164 = 768
@0005                               v165 = symbol_value.i64 gv8
@0005                               v166 = iconst.i64 0
@0005                               v167 = iconst.i32 0x000c_0006
@0005                               v168 = call fn1(v0, v165, v166, v167)  ; v166 = 0, v167 = 0x000c_0006
@0005                               v169 = iconst.i64 0
@0005                               v170 = icmp ne v168, v169  ; v169 = 0
@0005                               brif v170, block35, block36

                                block35:
@0006                               return_call_indirect.i64 sig0, v168(v0, v1, v2)

                                block36 cold:
@0006                               return

                                block34:
@0005                               v171 = stack_addr.i64 ss0
@0005                               v172 = load.f64 notrap v171
@0005                               v173 = uextend.i32 v163
@0005                               v174 = f64const 0x1.0000000000000p0
@0005                               v175 = scalar_to_vector.f64x2 v172
@0005                               v176 = insertlane v175, v174, 1  ; v174 = 0x1.0000000000000p0
@0005                               v177 = iconst.i32 4
@0005                               v178 = iadd.i32 v158, v177  ; v177 = 4
@0006                               v179 = fadd.f64x2 v156, v176
@0006                               v180 = extractlane v179, 0
@0006                               v181 = f64const 0.0
@0006                               v182 = fcmp lt v180, v181  ; v181 = 0.0
@0006                               v183 = fcmp gt v180, v181  ; v181 = 0.0
@0006                               v184 = fcmp eq v180, v181  ; v181 = 0.0
@0006                               v185 = fcmp uno v180, v181  ; v181 = 0.0
@0006                               v186 = uextend.i32 v182
@0006                               v187 = uextend.i32 v183
@0006                               v188 = uextend.i32 v184
@0006                               v189 = uextend.i32 v185
@0006                               v190 = iconst.i32 15
@0006                               v191 = ishl v186, v190  ; v190 = 15
@0006                               v192 = iconst.i32 14
@0006                               v193 = ishl v187, v192  ; v192 = 14
@0006                               v194 = iconst.i32 13
@0006                               v195 = ishl v188, v194  ; v194 = 13
@0006                               v196 = iconst.i32 12
@0006                               v197 = ishl v189, v196  ; v196 = 12
@0006                               v198 = bor v191, v193
@0006                               v199 = bor v198, v195
@0006                               v200 = bor v199, v197
@0006                               v201 = iconst.i32 0x0001_f000
@0006                               v202 = bnot v201  ; v201 = 0x0001_f000
@0006                               v203 = band.i32 v109, v202
@0006                               v204 = bor v203, v200
@0006                               v205 = iconst.i32 4
@0006                               v206 = iadd v178, v205  ; v205 = 4
@0007                               v207 = iconst.i32 8
@0007                               v208 = iadd.i32 v112, v207  ; v207 = 8
@0007                               v209 = extractlane v179, 0
@0007                               v210 = load.i32 notrap v1+872
@0007                               v211 = call fn11(v0, v208, v210, v209)
@0007                               brif v211, block38, block37

                                block37 cold:
@0007                               store.i32 notrap v208, v1+864
@0007                               v212 = iconst.i16 768
@0007                               store.f64x2 notrap v179, v1+248
@0007                               store.i32 notrap v206, v1
@0007                               store.f64x2 notrap v46, v1+168
@0007                               store.i32 notrap v204, v1+652
@0007                               store.f64x2 notrap v83, v1+232
@0007                               store.f64x2 notrap v176, v1+216
@0007                               store.f64x2 notrap v80, v1+200
@0007                               store.f64x2 notrap v156, v1+184
@0007                               call fn0(v1, v212)  ; v212 = 768
@0007                               v213 = symbol_value.i64 gv9
@0007                               v214 = iconst.i64 0
@0007                               v215 = iconst.i32 0x0010_0008
@0007                               v216 = call fn1(v0, v213, v214, v215)  ; v214 = 0, v215 = 0x0010_0008
@0007                               v217 = iconst.i64 0
@0007                               v218 = icmp ne v216, v217  ; v217 = 0
@0007                               brif v218, block39, block40

                                block39:
@0008                               return_call_indirect.i64 sig0, v216(v0, v1, v2)

                                block40 cold:
@0008                               return

                                block38:
@0007                               v219 = uextend.i32 v211
@0007                               v220 = iconst.i32 4
@0007                               v221 = iadd.i32 v206, v220  ; v220 = 4
                                    store.f64x2 notrap v179, v1+248
                                    store notrap v221, v1
                                    store.f64x2 notrap v46, v1+168
                                    store.i32 notrap v204, v1+652
                                    store.f64x2 notrap v83, v1+232
                                    store.f64x2 notrap v176, v1+216
                                    store.f64x2 notrap v80, v1+200
                                    store.f64x2 notrap v156, v1+184
                                    v222 = symbol_value.i64 gv10
                                    v223 = iconst.i64 0
                                    v224 = iconst.i32 0x0010_0008
                                    v225 = call fn1(v0, v222, v223, v224)  ; v223 = 0, v224 = 0x0010_0008
                                    v226 = iconst.i64 0
                                    v227 = icmp ne v225, v226  ; v226 = 0
                                    brif v227, block41, block42

                                block41:
@0008                               return_call_indirect.i64 sig0, v225(v0, v1, v2)

                                block42 cold:
@0008                               return
}
