---
source: crates/ppcjit/src/test.rs
expression: clir
---
function u0:0(i64, i64, i64) tail {
    ss0 = explicit_slot 8, align = 8
    gv0 = symbol userextname22
    gv1 = symbol userextname23
    sig0 = (i64, i64, i64) tail
    sig1 = (i64, i64, i64, i32) -> i64 system_v
    sig2 = (i64, i32, i64) -> i8 system_v
    sig3 = (i64, i32, i64) -> i8 system_v
    sig4 = (i64, i32, i64) -> i8 system_v
    sig5 = (i64, i32, i64) -> i8 system_v
    sig6 = (i64, i32, i8) -> i8 system_v
    sig7 = (i64, i32, i16) -> i8 system_v
    sig8 = (i64, i32, i32) -> i8 system_v
    sig9 = (i64, i32, i64) -> i8 system_v
    sig10 = (i64, i32, i32, i64) -> i8 system_v
    sig11 = (i64, i32, i32, f64) -> i8 system_v
    sig12 = (i64, i32) system_v
    sig13 = (i64) system_v
    sig14 = (i64, i16) system_v
    fn0 = u1:0 sig14
    fn1 = u0:2 sig1
    fn2 = u0:3 sig2
    fn3 = u0:4 sig3
    fn4 = u0:5 sig4
    fn5 = u0:6 sig5
    fn6 = u0:7 sig6
    fn7 = u0:8 sig7
    fn8 = u0:9 sig8
    fn9 = u0:10 sig9
    fn10 = u0:11 sig10
    fn11 = u0:12 sig11
    fn12 = u0:13 sig12
    fn13 = u0:14 sig13
    fn14 = u0:15 sig13
    fn15 = u0:16 sig13
    fn16 = u0:17 sig13
    fn17 = u0:18 sig13
    fn18 = u0:19 sig13
    fn19 = u0:20 sig13
    fn20 = u0:21 sig13
    fn21 = u0:22 sig13

                                block0(v0: i64, v1: i64, v2: i64):
@0000                               v3 = load.i32 notrap v1+680
@0000                               v4 = iconst.i32 13
@0000                               v5 = ushr v3, v4  ; v4 = 13
@0000                               v6 = iconst.i32 1
@0000                               v7 = band v5, v6  ; v6 = 1
@0000                               v8 = ireduce.i8 v7
@0000                               brif v8, block2, block1

                                block1 cold:
@0000                               v9 = iconst.i16 2048
@0000                               call fn0(v1, v9)  ; v9 = 2048
@0000                               v10 = symbol_value.i64 gv0
@0000                               v11 = iconst.i64 0
@0000                               v12 = iconst.i32 0x0002_0001
@0000                               v13 = call fn1(v0, v10, v11, v12)  ; v11 = 0, v12 = 0x0002_0001
@0000                               v14 = iconst.i64 0
@0000                               v15 = icmp ne v13, v14  ; v14 = 0
@0000                               brif v15, block3, block4

                                block3:
@0001                               return_call_indirect.i64 sig0, v13(v0, v1, v2)

                                block4 cold:
@0001                               return

                                block2:
@0000                               v16 = load.f64x2 notrap v1+136
@0000                               v17 = load.f64x2 notrap v1+152
@0000                               v18 = fadd v16, v17
@0000                               v19 = extractlane v18, 0
@0000                               v20 = f64const 0.0
@0000                               v21 = fcmp lt v19, v20  ; v20 = 0.0
@0000                               v22 = fcmp gt v19, v20  ; v20 = 0.0
@0000                               v23 = fcmp eq v19, v20  ; v20 = 0.0
@0000                               v24 = fcmp uno v19, v20  ; v20 = 0.0
@0000                               v25 = load.i32 notrap v1+652
@0000                               v26 = uextend.i32 v21
@0000                               v27 = uextend.i32 v22
@0000                               v28 = uextend.i32 v23
@0000                               v29 = uextend.i32 v24
@0000                               v30 = iconst.i32 15
@0000                               v31 = ishl v26, v30  ; v30 = 15
@0000                               v32 = iconst.i32 14
@0000                               v33 = ishl v27, v32  ; v32 = 14
@0000                               v34 = iconst.i32 13
@0000                               v35 = ishl v28, v34  ; v34 = 13
@0000                               v36 = iconst.i32 12
@0000                               v37 = ishl v29, v36  ; v36 = 12
@0000                               v38 = bor v31, v33
@0000                               v39 = bor v38, v35
@0000                               v40 = bor v39, v37
@0000                               v41 = iconst.i32 0x0001_f000
@0000                               v42 = bnot v41  ; v41 = 0x0001_f000
@0000                               v43 = band v25, v42
@0000                               v44 = bor v43, v40
@0000                               v45 = load.i32 notrap v1
@0000                               v46 = iconst.i32 4
@0000                               v47 = iadd v45, v46  ; v46 = 4
@0001                               v48 = load.f64x2 notrap v1+168
@0001                               v49 = fadd v18, v48
@0001                               v50 = extractlane v49, 0
@0001                               v51 = f64const 0.0
@0001                               v52 = fcmp lt v50, v51  ; v51 = 0.0
@0001                               v53 = fcmp gt v50, v51  ; v51 = 0.0
@0001                               v54 = fcmp eq v50, v51  ; v51 = 0.0
@0001                               v55 = fcmp uno v50, v51  ; v51 = 0.0
@0001                               v56 = uextend.i32 v52
@0001                               v57 = uextend.i32 v53
@0001                               v58 = uextend.i32 v54
@0001                               v59 = uextend.i32 v55
@0001                               v60 = iconst.i32 15
@0001                               v61 = ishl v56, v60  ; v60 = 15
@0001                               v62 = iconst.i32 14
@0001                               v63 = ishl v57, v62  ; v62 = 14
@0001                               v64 = iconst.i32 13
@0001                               v65 = ishl v58, v64  ; v64 = 13
@0001                               v66 = iconst.i32 12
@0001                               v67 = ishl v59, v66  ; v66 = 12
@0001                               v68 = bor v61, v63
@0001                               v69 = bor v68, v65
@0001                               v70 = bor v69, v67
@0001                               v71 = iconst.i32 0x0001_f000
@0001                               v72 = bnot v71  ; v71 = 0x0001_f000
@0001                               v73 = band v44, v72
@0001                               v74 = bor v73, v70
@0001                               v75 = iconst.i32 4
@0001                               v76 = iadd v47, v75  ; v75 = 4
@0002                               v77 = load.f64x2 notrap v1+184
@0002                               v78 = fadd v49, v77
@0002                               v79 = extractlane v78, 0
@0002                               v80 = f64const 0.0
@0002                               v81 = fcmp lt v79, v80  ; v80 = 0.0
@0002                               v82 = fcmp gt v79, v80  ; v80 = 0.0
@0002                               v83 = fcmp eq v79, v80  ; v80 = 0.0
@0002                               v84 = fcmp uno v79, v80  ; v80 = 0.0
@0002                               v85 = uextend.i32 v81
@0002                               v86 = uextend.i32 v82
@0002                               v87 = uextend.i32 v83
@0002                               v88 = uextend.i32 v84
@0002                               v89 = iconst.i32 15
@0002                               v90 = ishl v85, v89  ; v89 = 15
@0002                               v91 = iconst.i32 14
@0002                               v92 = ishl v86, v91  ; v91 = 14
@0002                               v93 = iconst.i32 13
@0002                               v94 = ishl v87, v93  ; v93 = 13
@0002                               v95 = iconst.i32 12
@0002                               v96 = ishl v88, v95  ; v95 = 12
@0002                               v97 = bor v90, v92
@0002                               v98 = bor v97, v94
@0002                               v99 = bor v98, v96
@0002                               v100 = iconst.i32 0x0001_f000
@0002                               v101 = bnot v100  ; v100 = 0x0001_f000
@0002                               v102 = band v74, v101
@0002                               v103 = bor v102, v99
@0002                               v104 = iconst.i32 4
@0002                               v105 = iadd v76, v104  ; v104 = 4
@0003                               v106 = load.f64x2 notrap v1+200
@0003                               v107 = fadd v78, v106
@0003                               v108 = extractlane v107, 0
@0003                               v109 = f64const 0.0
@0003                               v110 = fcmp lt v108, v109  ; v109 = 0.0
@0003                               v111 = fcmp gt v108, v109  ; v109 = 0.0
@0003                               v112 = fcmp eq v108, v109  ; v109 = 0.0
@0003                               v113 = fcmp uno v108, v109  ; v109 = 0.0
@0003                               v114 = uextend.i32 v110
@0003                               v115 = uextend.i32 v111
@0003                               v116 = uextend.i32 v112
@0003                               v117 = uextend.i32 v113
@0003                               v118 = iconst.i32 15
@0003                               v119 = ishl v114, v118  ; v118 = 15
@0003                               v120 = iconst.i32 14
@0003                               v121 = ishl v115, v120  ; v120 = 14
@0003                               v122 = iconst.i32 13
@0003                               v123 = ishl v116, v122  ; v122 = 13
@0003                               v124 = iconst.i32 12
@0003                               v125 = ishl v117, v124  ; v124 = 12
@0003                               v126 = bor v119, v121
@0003                               v127 = bor v126, v123
@0003                               v128 = bor v127, v125
@0003                               v129 = iconst.i32 0x0001_f000
@0003                               v130 = bnot v129  ; v129 = 0x0001_f000
@0003                               v131 = band v103, v130
@0003                               v132 = bor v131, v128
@0003                               v133 = iconst.i32 4
@0003                               v134 = iadd v105, v133  ; v133 = 4
                                    store notrap v134, v1
                                    store notrap v107, v1+136
                                    store notrap v132, v1+652
                                    v135 = symbol_value.i64 gv1
                                    v136 = iconst.i64 0
                                    v137 = iconst.i32 0x0008_0004
                                    v138 = call fn1(v0, v135, v136, v137)  ; v136 = 0, v137 = 0x0008_0004
                                    v139 = iconst.i64 0
                                    v140 = icmp ne v138, v139  ; v139 = 0
                                    brif v140, block5, block6

                                block5:
@0004                               return_call_indirect.i64 sig0, v138(v0, v1, v2)

                                block6 cold:
@0004                               return
}
